// Jest Snapshot v1, https://goo.gl/fbAQLP

exports[`Dog component renders Dog 1`] = `
<DocumentFragment>
  <figure
    class="listItem"
  >
    <figcaption
      class="name"
    />
    <a
      href="/breeds/undefined"
    >
      <img
        class="image"
        height="200px"
      />
    </a>
  </figure>
</DocumentFragment>
`;
