// Jest Snapshot v1, https://goo.gl/fbAQLP

exports[`DogList component renders DogList 1`] = `
<DocumentFragment>
  <div
    class="app"
  >
    <div
      class="headerContainer"
    >
      <div
        class="header"
      >
        <img
          alt="logo"
          class="logo"
          src="pawprint.png"
          width="70px"
        />
        <a
          class="headerLink"
          href="/"
        >
          Home
        </a>
      </div>
    </div>
    <div
      class="body"
    >
      <div
        class="list"
      >
        <ul
          class="ul"
          data-testid="dogs"
        >
          <li>
            <figure
              class="listItem"
            >
              <figcaption
                class="name"
              />
              <a
                href="/breeds/undefined"
              >
                <img
                  class="image"
                  height="200px"
                />
              </a>
            </figure>
          </li>
        </ul>
      </div>
    </div>
  </div>
</DocumentFragment>
`;
