// Jest Snapshot v1, https://goo.gl/fbAQLP

exports[`Loading component renders Loading 1`] = `
<DocumentFragment>
  <div
    class="loading"
  >
    <img
      alt="loading"
      src="https://media.giphy.com/media/Y0g7w7UZwrmpQ9GW3m/giphy.gif"
      width="700px"
    />
    <div
      class="loadingText"
    >
      Loading...
    </div>
  </div>
</DocumentFragment>
`;
